.config:11011:warning: symbol value 'm' invalid for ANDROID_BINDER_IPC
.config:11012:warning: symbol value 'm' invalid for ANDROID_BINDERFS
.config:12003:warning: symbol value 'm' invalid for CRYPTO_ARCH_HAVE_LIB_CHACHA
.config:12006:warning: symbol value 'm' invalid for CRYPTO_ARCH_HAVE_LIB_CURVE25519
.config:12011:warning: symbol value 'm' invalid for CRYPTO_ARCH_HAVE_LIB_POLY1305
#
# configuration written to .config
#
using config: '.config'
System keyring enabled but keys "debian/canonical-certs.pem" not found. Resetting keys to default value.
*
* Restart config...
*
*
* PCI GPIO expanders
*
AMD 8111 GPIO driver (GPIO_AMD8111) [N/m/y/?] n
BT8XX GPIO abuser (GPIO_BT8XX) [N/m/y/?] (NEW) 
OKI SEMICONDUCTOR ML7213 IOH GPIO support (GPIO_ML_IOH) [N/m/y/?] n
ACCES PCI-IDIO-16 GPIO support (GPIO_PCI_IDIO_16) [N/m/y/?] n
ACCES PCIe-IDIO-24 GPIO support (GPIO_PCIE_IDIO_24) [N/m/y/?] n
RDC R-321x GPIO support (GPIO_RDC321X) [N/m/y/?] n
*
* PCI sound devices
*
PCI sound devices (SND_PCI) [Y/n/?] y
  Analog Devices AD1889 (SND_AD1889) [N/m/?] n
  Avance Logic ALS300/ALS300+ (SND_ALS300) [N/m/?] n
  Avance Logic ALS4000 (SND_ALS4000) [N/m/?] n
  ALi M5451 PCI Audio Controller (SND_ALI5451) [N/m/?] n
  AudioScience ASIxxxx (SND_ASIHPI) [N/m/?] n
  ATI IXP AC97 Controller (SND_ATIIXP) [N/m/?] n
  ATI IXP Modem (SND_ATIIXP_MODEM) [N/m/?] n
  Aureal Advantage (SND_AU8810) [N/m/?] n
  Aureal Vortex (SND_AU8820) [N/m/?] n
  Aureal Vortex 2 (SND_AU8830) [N/m/?] n
  Emagic Audiowerk 2 (SND_AW2) [N/m/?] n
  Aztech AZF3328 / PCI168 (SND_AZT3328) [N/m/?] n
  Bt87x Audio Capture (SND_BT87X) [N/m/?] n
  SB Audigy LS / Live 24bit (SND_CA0106) [N/m/?] n
  C-Media 8338, 8738, 8768, 8770 (SND_CMIPCI) [N/m/?] n
  C-Media 8786, 8787, 8788 (Oxygen) (SND_OXYGEN) [N/m/?] n
  Cirrus Logic (Sound Fusion) CS4281 (SND_CS4281) [N/m/?] n
  Cirrus Logic (Sound Fusion) CS4280/CS461x/CS462x/CS463x (SND_CS46XX) [N/m/?] n
  Creative Sound Blaster X-Fi (SND_CTXFI) [N/m/?] n
  (Echoaudio) Darla20 (SND_DARLA20) [N/m/?] n
  (Echoaudio) Gina20 (SND_GINA20) [N/m/?] n
  (Echoaudio) Layla20 (SND_LAYLA20) [N/m/?] n
  (Echoaudio) Darla24 (SND_DARLA24) [N/m/?] n
  (Echoaudio) Gina24 (SND_GINA24) [N/m/?] n
  (Echoaudio) Layla24 (SND_LAYLA24) [N/m/?] n
  (Echoaudio) Mona (SND_MONA) [N/m/?] n
  (Echoaudio) Mia (SND_MIA) [N/m/?] n
  (Echoaudio) 3G cards (SND_ECHO3G) [N/m/?] n
  (Echoaudio) Indigo (SND_INDIGO) [N/m/?] n
  (Echoaudio) Indigo IO (SND_INDIGOIO) [N/m/?] n
  (Echoaudio) Indigo DJ (SND_INDIGODJ) [N/m/?] n
  (Echoaudio) Indigo IOx (SND_INDIGOIOX) [N/m/?] n
  (Echoaudio) Indigo DJx (SND_INDIGODJX) [N/m/?] n
  Emu10k1 (SB Live!, Audigy, E-MU APS/0404/1010/1212/1616/1820) (SND_EMU10K1) [N/m/?] n
  Emu10k1X (Dell OEM Version) (SND_EMU10K1X) [N/m/?] n
  (Creative) Ensoniq AudioPCI 1370 (SND_ENS1370) [N/m/?] n
  (Creative) Ensoniq AudioPCI 1371/1373 (SND_ENS1371) [M/n/?] m
  ESS ES1938/1946/1969 (Solo-1) (SND_ES1938) [N/m/?] n
  ESS ES1968/1978 (Maestro-1/2/2E) (SND_ES1968) [N/m/?] n
  ForteMedia FM801 (SND_FM801) [N/m/?] n
  RME Hammerfall DSP Audio (SND_HDSP) [N/m/?] n
  RME Hammerfall DSP MADI/RayDAT/AIO (SND_HDSPM) [N/m/?] n
  ICEnsemble ICE1712 (Envy24) (SND_ICE1712) [N/m/?] n
  ICE/VT1724/1720 (Envy24HT/PT) (SND_ICE1724) [N/m/?] n
  Intel/SiS/nVidia/AMD/ALi AC97 Controller (SND_INTEL8X0) [N/m/?] n
  Intel/SiS/nVidia/AMD MC97 Modem (SND_INTEL8X0M) [N/m/?] n
  Korg 1212 IO (SND_KORG1212) [N/m/?] n
  Digigram Lola (SND_LOLA) [N/m/?] n
  Digigram LX6464ES (SND_LX6464ES) [N/m/?] n
  ESS Allegro/Maestro3 (SND_MAESTRO3) [N/m/?] n
  Digigram miXart (SND_MIXART) [N/m/?] n
  NeoMagic NM256AV/ZX (SND_NM256) [N/m/?] n
  Digigram PCXHR (SND_PCXHR) [N/m/?] n
  Conexant Riptide (SND_RIPTIDE) [N/m/?] n
  RME Digi32, 32/8, 32 PRO (SND_RME32) [N/m/?] n
  RME Digi96, 96/8, 96/8 PRO (SND_RME96) [N/m/?] n
  RME Digi9652 (Hammerfall) (SND_RME9652) [N/m/?] n
  Studio Evolution SE6X (SND_SE6X) [N/m/?] (NEW) 
  S3 SonicVibes (SND_SONICVIBES) [N/m/?] n
  Trident 4D-Wave DX/NX; SiS 7018 (SND_TRIDENT) [N/m/?] n
  VIA 82C686A/B, 8233/8235 AC97 Controller (SND_VIA82XX) [N/m/?] n
  VIA 82C686A/B, 8233 based Modems (SND_VIA82XX_MODEM) [N/m/?] n
  Asus Virtuoso 66/100/200 (Xonar) (SND_VIRTUOSO) [N/m/?] n
  Digigram VX222 (SND_VX222) [N/m/?] n
  Yamaha YMF724/740/744/754 (SND_YMFPCI) [N/m/?] n
#
# configuration written to .config
#
#
# No change to .config
#
