== pre-install /boot space ==
Filesystem      Size  Used Avail Use% Mounted on
/dev/sda1       4.0G  105M  3.4G   3% /boot
== installing modules ==
  SYMLINK /lib/modules/6.12.110-oslab3-xxx/build
  INSTALL /lib/modules/6.12.110-oslab3-xxx/modules.order
  INSTALL /lib/modules/6.12.110-oslab3-xxx/modules.builtin
  INSTALL /lib/modules/6.12.110-oslab3-xxx/modules.builtin.modinfo
  INSTALL /lib/modules/6.12.110-oslab3-xxx/kernel/arch/x86/events/rapl.ko
  SIGN    /lib/modules/6.12.110-oslab3-xxx/kernel/arch/x86/events/rapl.ko
  INSTALL /lib/modules/6.12.110-oslab3-xxx/kernel/arch/x86/kernel/msr.ko
  SIGN    /lib/modules/6.12.110-oslab3-xxx/kernel/arch/x86/kernel/msr.ko
  INSTALL /lib/modules/6.12.110-oslab3-xxx/kernel/arch/x86/crypto/aesni-intel.ko
  SIGN    /lib/modules/6.12.110-oslab3-xxx/kernel/arch/x86/crypto/aesni-intel.ko
  INSTALL /lib/modules/6.12.110-oslab3-xxx/kernel/arch/x86/crypto/sha1-ssse3.ko
  SIGN    /lib/modules/6.12.110-oslab3-xxx/kernel/arch/x86/crypto/sha1-ssse3.ko
  INSTALL /lib/modules/6.12.110-oslab3-xxx/kernel/arch/x86/crypto/sha256-ssse3.ko
  SIGN    /lib/modules/6.12.110-oslab3-xxx/kernel/arch/x86/crypto/sha256-ssse3.ko
  INSTALL /lib/modules/6.12.110-oslab3-xxx/kernel/arch/x86/crypto/ghash-clmulni-intel.ko
  SIGN    /lib/modules/6.12.110-oslab3-xxx/kernel/arch/x86/crypto/ghash-clmulni-intel.ko
  INSTALL /lib/modules/6.12.110-oslab3-xxx/kernel/arch/x86/crypto/polyval-clmulni.ko
  SIGN    /lib/modules/6.12.110-oslab3-xxx/kernel/arch/x86/crypto/polyval-clmulni.ko
  INSTALL /lib/modules/6.12.110-oslab3-xxx/kernel/arch/x86/crypto/crc32-pclmul.ko
  SIGN    /lib/modules/6.12.110-oslab3-xxx/kernel/arch/x86/crypto/crc32-pclmul.ko
  INSTALL /lib/modules/6.12.110-oslab3-xxx/kernel/arch/x86/crypto/crct10dif-pclmul.ko
  SIGN    /lib/modules/6.12.110-oslab3-xxx/kernel/arch/x86/crypto/crct10dif-pclmul.ko
  INSTALL /lib/modules/6.12.110-oslab3-xxx/kernel/kernel/configs.ko
  SIGN    /lib/modules/6.12.110-oslab3-xxx/kernel/kernel/configs.ko
  INSTALL /lib/modules/6.12.110-oslab3-xxx/kernel/fs/binfmt_misc.ko
  SIGN    /lib/modules/6.12.110-oslab3-xxx/kernel/fs/binfmt_misc.ko
  INSTALL /lib/modules/6.12.110-oslab3-xxx/kernel/fs/autofs/autofs4.ko
  SIGN    /lib/modules/6.12.110-oslab3-xxx/kernel/fs/autofs/autofs4.ko
  INSTALL /lib/modules/6.12.110-oslab3-xxx/kernel/fs/btrfs/btrfs.ko
  SIGN    /lib/modules/6.12.110-oslab3-xxx/kernel/fs/btrfs/btrfs.ko
  INSTALL /lib/modules/6.12.110-oslab3-xxx/kernel/crypto/blake2b_generic.ko
  SIGN    /lib/modules/6.12.110-oslab3-xxx/kernel/crypto/blake2b_generic.ko
  INSTALL /lib/modules/6.12.110-oslab3-xxx/kernel/crypto/cryptd.ko
  SIGN    /lib/modules/6.12.110-oslab3-xxx/kernel/crypto/cryptd.ko
  INSTALL /lib/modules/6.12.110-oslab3-xxx/kernel/crypto/xxhash_generic.ko
  SIGN    /lib/modules/6.12.110-oslab3-xxx/kernel/crypto/xxhash_generic.ko
  INSTALL /lib/modules/6.12.110-oslab3-xxx/kernel/crypto/polyval-generic.ko
  SIGN    /lib/modules/6.12.110-oslab3-xxx/kernel/crypto/polyval-generic.ko
  INSTALL /lib/modules/6.12.110-oslab3-xxx/kernel/crypto/xor.ko
  SIGN    /lib/modules/6.12.110-oslab3-xxx/kernel/crypto/xor.ko
  INSTALL /lib/modules/6.12.110-oslab3-xxx/kernel/crypto/crypto_simd.ko
  SIGN    /lib/modules/6.12.110-oslab3-xxx/kernel/crypto/crypto_simd.ko
  INSTALL /lib/modules/6.12.110-oslab3-xxx/kernel/lib/libcrc32c.ko
  SIGN    /lib/modules/6.12.110-oslab3-xxx/kernel/lib/libcrc32c.ko
  INSTALL /lib/modules/6.12.110-oslab3-xxx/kernel/lib/raid6/raid6_pq.ko
  SIGN    /lib/modules/6.12.110-oslab3-xxx/kernel/lib/raid6/raid6_pq.ko
  INSTALL /lib/modules/6.12.110-oslab3-xxx/kernel/drivers/char/lp.ko
  SIGN    /lib/modules/6.12.110-oslab3-xxx/kernel/drivers/char/lp.ko
  INSTALL /lib/modules/6.12.110-oslab3-xxx/kernel/drivers/char/ppdev.ko
  SIGN    /lib/modules/6.12.110-oslab3-xxx/kernel/drivers/char/ppdev.ko
  INSTALL /lib/modules/6.12.110-oslab3-xxx/kernel/drivers/gpu/drm/drm_ttm_helper.ko
  SIGN    /lib/modules/6.12.110-oslab3-xxx/kernel/drivers/gpu/drm/drm_ttm_helper.ko
  INSTALL /lib/modules/6.12.110-oslab3-xxx/kernel/drivers/gpu/drm/ttm/ttm.ko
  SIGN    /lib/modules/6.12.110-oslab3-xxx/kernel/drivers/gpu/drm/ttm/ttm.ko
  INSTALL /lib/modules/6.12.110-oslab3-xxx/kernel/drivers/gpu/drm/vmwgfx/vmwgfx.ko
  SIGN    /lib/modules/6.12.110-oslab3-xxx/kernel/drivers/gpu/drm/vmwgfx/vmwgfx.ko
  INSTALL /lib/modules/6.12.110-oslab3-xxx/kernel/drivers/misc/vmw_balloon.ko
  SIGN    /lib/modules/6.12.110-oslab3-xxx/kernel/drivers/misc/vmw_balloon.ko
  INSTALL /lib/modules/6.12.110-oslab3-xxx/kernel/drivers/misc/vmw_vmci/vmw_vmci.ko
  SIGN    /lib/modules/6.12.110-oslab3-xxx/kernel/drivers/misc/vmw_vmci/vmw_vmci.ko
  INSTALL /lib/modules/6.12.110-oslab3-xxx/kernel/drivers/macintosh/mac_hid.ko
  SIGN    /lib/modules/6.12.110-oslab3-xxx/kernel/drivers/macintosh/mac_hid.ko
  INSTALL /lib/modules/6.12.110-oslab3-xxx/kernel/drivers/scsi/scsi_transport_spi.ko
  SIGN    /lib/modules/6.12.110-oslab3-xxx/kernel/drivers/scsi/scsi_transport_spi.ko
  INSTALL /lib/modules/6.12.110-oslab3-xxx/kernel/drivers/scsi/scsi_transport_fc.ko
  SIGN    /lib/modules/6.12.110-oslab3-xxx/kernel/drivers/scsi/scsi_transport_fc.ko
  INSTALL /lib/modules/6.12.110-oslab3-xxx/kernel/drivers/scsi/scsi_transport_sas.ko
  SIGN    /lib/modules/6.12.110-oslab3-xxx/kernel/drivers/scsi/scsi_transport_sas.ko
  INSTALL /lib/modules/6.12.110-oslab3-xxx/kernel/drivers/nvme/common/nvme-auth.ko
  SIGN    /lib/modules/6.12.110-oslab3-xxx/kernel/drivers/nvme/common/nvme-auth.ko
  INSTALL /lib/modules/6.12.110-oslab3-xxx/kernel/drivers/nvme/host/nvme-core.ko
  SIGN    /lib/modules/6.12.110-oslab3-xxx/kernel/drivers/nvme/host/nvme-core.ko
  INSTALL /lib/modules/6.12.110-oslab3-xxx/kernel/drivers/nvme/host/nvme-fabrics.ko
  SIGN    /lib/modules/6.12.110-oslab3-xxx/kernel/drivers/nvme/host/nvme-fabrics.ko
  INSTALL /lib/modules/6.12.110-oslab3-xxx/kernel/drivers/nvme/host/nvme-rdma.ko
  SIGN    /lib/modules/6.12.110-oslab3-xxx/kernel/drivers/nvme/host/nvme-rdma.ko
  INSTALL /lib/modules/6.12.110-oslab3-xxx/kernel/drivers/ata/ahci.ko
  SIGN    /lib/modules/6.12.110-oslab3-xxx/kernel/drivers/ata/ahci.ko
  INSTALL /lib/modules/6.12.110-oslab3-xxx/kernel/drivers/ata/libahci.ko
  SIGN    /lib/modules/6.12.110-oslab3-xxx/kernel/drivers/ata/libahci.ko
  INSTALL /lib/modules/6.12.110-oslab3-xxx/kernel/drivers/ata/acard-ahci.ko
  SIGN    /lib/modules/6.12.110-oslab3-xxx/kernel/drivers/ata/acard-ahci.ko
  INSTALL /lib/modules/6.12.110-oslab3-xxx/kernel/drivers/ata/ahci_platform.ko
  SIGN    /lib/modules/6.12.110-oslab3-xxx/kernel/drivers/ata/ahci_platform.ko
  INSTALL /lib/modules/6.12.110-oslab3-xxx/kernel/drivers/ata/libahci_platform.ko
  SIGN    /lib/modules/6.12.110-oslab3-xxx/kernel/drivers/ata/libahci_platform.ko
  INSTALL /lib/modules/6.12.110-oslab3-xxx/kernel/drivers/ata/ahci_dwc.ko
  SIGN    /lib/modules/6.12.110-oslab3-xxx/kernel/drivers/ata/ahci_dwc.ko
  INSTALL /lib/modules/6.12.110-oslab3-xxx/kernel/drivers/ata/pata_acpi.ko
  SIGN    /lib/modules/6.12.110-oslab3-xxx/kernel/drivers/ata/pata_acpi.ko
  INSTALL /lib/modules/6.12.110-oslab3-xxx/kernel/drivers/net/ethernet/intel/e1000/e1000.ko
  SIGN    /lib/modules/6.12.110-oslab3-xxx/kernel/drivers/net/ethernet/intel/e1000/e1000.ko
  INSTALL /lib/modules/6.12.110-oslab3-xxx/kernel/drivers/message/fusion/mptbase.ko
  SIGN    /lib/modules/6.12.110-oslab3-xxx/kernel/drivers/message/fusion/mptbase.ko
  INSTALL /lib/modules/6.12.110-oslab3-xxx/kernel/drivers/message/fusion/mptscsih.ko
  SIGN    /lib/modules/6.12.110-oslab3-xxx/kernel/drivers/message/fusion/mptscsih.ko
  INSTALL /lib/modules/6.12.110-oslab3-xxx/kernel/drivers/message/fusion/mptspi.ko
  SIGN    /lib/modules/6.12.110-oslab3-xxx/kernel/drivers/message/fusion/mptspi.ko
  INSTALL /lib/modules/6.12.110-oslab3-xxx/kernel/drivers/message/fusion/mptfc.ko
  SIGN    /lib/modules/6.12.110-oslab3-xxx/kernel/drivers/message/fusion/mptfc.ko
  INSTALL /lib/modules/6.12.110-oslab3-xxx/kernel/drivers/message/fusion/mptsas.ko
  SIGN    /lib/modules/6.12.110-oslab3-xxx/kernel/drivers/message/fusion/mptsas.ko
  INSTALL /lib/modules/6.12.110-oslab3-xxx/kernel/drivers/input/serio/serio_raw.ko
  SIGN    /lib/modules/6.12.110-oslab3-xxx/kernel/drivers/input/serio/serio_raw.ko
  INSTALL /lib/modules/6.12.110-oslab3-xxx/kernel/drivers/input/mouse/psmouse.ko
  SIGN    /lib/modules/6.12.110-oslab3-xxx/kernel/drivers/input/mouse/psmouse.ko
  INSTALL /lib/modules/6.12.110-oslab3-xxx/kernel/drivers/input/input-leds.ko
  SIGN    /lib/modules/6.12.110-oslab3-xxx/kernel/drivers/input/input-leds.ko
  INSTALL /lib/modules/6.12.110-oslab3-xxx/kernel/drivers/input/joydev.ko
  SIGN    /lib/modules/6.12.110-oslab3-xxx/kernel/drivers/input/joydev.ko
  INSTALL /lib/modules/6.12.110-oslab3-xxx/kernel/drivers/i2c/busses/i2c-piix4.ko
  SIGN    /lib/modules/6.12.110-oslab3-xxx/kernel/drivers/i2c/busses/i2c-piix4.ko
  INSTALL /lib/modules/6.12.110-oslab3-xxx/kernel/drivers/i2c/i2c-smbus.ko
  SIGN    /lib/modules/6.12.110-oslab3-xxx/kernel/drivers/i2c/i2c-smbus.ko
  INSTALL /lib/modules/6.12.110-oslab3-xxx/kernel/drivers/md/dm-mirror.ko
  SIGN    /lib/modules/6.12.110-oslab3-xxx/kernel/drivers/md/dm-mirror.ko
  INSTALL /lib/modules/6.12.110-oslab3-xxx/kernel/drivers/md/dm-log.ko
  SIGN    /lib/modules/6.12.110-oslab3-xxx/kernel/drivers/md/dm-log.ko
  INSTALL /lib/modules/6.12.110-oslab3-xxx/kernel/drivers/md/dm-region-hash.ko
  SIGN    /lib/modules/6.12.110-oslab3-xxx/kernel/drivers/md/dm-region-hash.ko
  INSTALL /lib/modules/6.12.110-oslab3-xxx/kernel/drivers/firmware/efi/efi-pstore.ko
  SIGN    /lib/modules/6.12.110-oslab3-xxx/kernel/drivers/firmware/efi/efi-pstore.ko
  INSTALL /lib/modules/6.12.110-oslab3-xxx/kernel/drivers/firmware/dmi-sysfs.ko
  SIGN    /lib/modules/6.12.110-oslab3-xxx/kernel/drivers/firmware/dmi-sysfs.ko
  INSTALL /lib/modules/6.12.110-oslab3-xxx/kernel/drivers/hid/hid.ko
  SIGN    /lib/modules/6.12.110-oslab3-xxx/kernel/drivers/hid/hid.ko
  INSTALL /lib/modules/6.12.110-oslab3-xxx/kernel/drivers/hid/hid-generic.ko
  SIGN    /lib/modules/6.12.110-oslab3-xxx/kernel/drivers/hid/hid-generic.ko
  INSTALL /lib/modules/6.12.110-oslab3-xxx/kernel/drivers/hid/usbhid/usbhid.ko
  SIGN    /lib/modules/6.12.110-oslab3-xxx/kernel/drivers/hid/usbhid/usbhid.ko
  INSTALL /lib/modules/6.12.110-oslab3-xxx/kernel/drivers/platform/x86/intel/pmc/intel_pmc_core.ko
  SIGN    /lib/modules/6.12.110-oslab3-xxx/kernel/drivers/platform/x86/intel/pmc/intel_pmc_core.ko
  INSTALL /lib/modules/6.12.110-oslab3-xxx/kernel/drivers/platform/x86/intel/pmc/intel_pmc_core_pltdrv.ko
  SIGN    /lib/modules/6.12.110-oslab3-xxx/kernel/drivers/platform/x86/intel/pmc/intel_pmc_core_pltdrv.ko
  INSTALL /lib/modules/6.12.110-oslab3-xxx/kernel/drivers/platform/x86/intel/pmt/pmt_class.ko
  SIGN    /lib/modules/6.12.110-oslab3-xxx/kernel/drivers/platform/x86/intel/pmt/pmt_class.ko
  INSTALL /lib/modules/6.12.110-oslab3-xxx/kernel/drivers/platform/x86/intel/pmt/pmt_telemetry.ko
  SIGN    /lib/modules/6.12.110-oslab3-xxx/kernel/drivers/platform/x86/intel/pmt/pmt_telemetry.ko
  INSTALL /lib/modules/6.12.110-oslab3-xxx/kernel/drivers/platform/x86/intel/uncore-frequency/intel-uncore-frequency.ko
  SIGN    /lib/modules/6.12.110-oslab3-xxx/kernel/drivers/platform/x86/intel/uncore-frequency/intel-uncore-frequency.ko
  INSTALL /lib/modules/6.12.110-oslab3-xxx/kernel/drivers/platform/x86/intel/uncore-frequency/intel-uncore-frequency-common.ko
  SIGN    /lib/modules/6.12.110-oslab3-xxx/kernel/drivers/platform/x86/intel/uncore-frequency/intel-uncore-frequency-common.ko
  INSTALL /lib/modules/6.12.110-oslab3-xxx/kernel/drivers/platform/x86/intel/intel_vsec.ko
  SIGN    /lib/modules/6.12.110-oslab3-xxx/kernel/drivers/platform/x86/intel/intel_vsec.ko
  INSTALL /lib/modules/6.12.110-oslab3-xxx/kernel/drivers/powercap/intel_rapl_common.ko
  SIGN    /lib/modules/6.12.110-oslab3-xxx/kernel/drivers/powercap/intel_rapl_common.ko
  INSTALL /lib/modules/6.12.110-oslab3-xxx/kernel/drivers/powercap/intel_rapl_msr.ko
  SIGN    /lib/modules/6.12.110-oslab3-xxx/kernel/drivers/powercap/intel_rapl_msr.ko
  INSTALL /lib/modules/6.12.110-oslab3-xxx/kernel/drivers/parport/parport.ko
  SIGN    /lib/modules/6.12.110-oslab3-xxx/kernel/drivers/parport/parport.ko
  INSTALL /lib/modules/6.12.110-oslab3-xxx/kernel/drivers/parport/parport_pc.ko
  SIGN    /lib/modules/6.12.110-oslab3-xxx/kernel/drivers/parport/parport_pc.ko
  INSTALL /lib/modules/6.12.110-oslab3-xxx/kernel/drivers/input/gameport/gameport.ko
  SIGN    /lib/modules/6.12.110-oslab3-xxx/kernel/drivers/input/gameport/gameport.ko
  INSTALL /lib/modules/6.12.110-oslab3-xxx/kernel/drivers/infiniband/core/ib_core.ko
  SIGN    /lib/modules/6.12.110-oslab3-xxx/kernel/drivers/infiniband/core/ib_core.ko
  INSTALL /lib/modules/6.12.110-oslab3-xxx/kernel/drivers/infiniband/core/ib_cm.ko
  SIGN    /lib/modules/6.12.110-oslab3-xxx/kernel/drivers/infiniband/core/ib_cm.ko
  INSTALL /lib/modules/6.12.110-oslab3-xxx/kernel/drivers/infiniband/core/iw_cm.ko
  SIGN    /lib/modules/6.12.110-oslab3-xxx/kernel/drivers/infiniband/core/iw_cm.ko
  INSTALL /lib/modules/6.12.110-oslab3-xxx/kernel/drivers/infiniband/core/rdma_cm.ko
  SIGN    /lib/modules/6.12.110-oslab3-xxx/kernel/drivers/infiniband/core/rdma_cm.ko
  INSTALL /lib/modules/6.12.110-oslab3-xxx/kernel/sound/soundcore.ko
  SIGN    /lib/modules/6.12.110-oslab3-xxx/kernel/sound/soundcore.ko
  INSTALL /lib/modules/6.12.110-oslab3-xxx/kernel/sound/core/snd.ko
  SIGN    /lib/modules/6.12.110-oslab3-xxx/kernel/sound/core/snd.ko
  INSTALL /lib/modules/6.12.110-oslab3-xxx/kernel/sound/core/snd-timer.ko
  SIGN    /lib/modules/6.12.110-oslab3-xxx/kernel/sound/core/snd-timer.ko
  INSTALL /lib/modules/6.12.110-oslab3-xxx/kernel/sound/core/snd-hrtimer.ko
  SIGN    /lib/modules/6.12.110-oslab3-xxx/kernel/sound/core/snd-hrtimer.ko
  INSTALL /lib/modules/6.12.110-oslab3-xxx/kernel/sound/core/snd-pcm.ko
  SIGN    /lib/modules/6.12.110-oslab3-xxx/kernel/sound/core/snd-pcm.ko
  INSTALL /lib/modules/6.12.110-oslab3-xxx/kernel/sound/core/snd-seq-device.ko
  SIGN    /lib/modules/6.12.110-oslab3-xxx/kernel/sound/core/snd-seq-device.ko
  INSTALL /lib/modules/6.12.110-oslab3-xxx/kernel/sound/core/snd-rawmidi.ko
  SIGN    /lib/modules/6.12.110-oslab3-xxx/kernel/sound/core/snd-rawmidi.ko
  INSTALL /lib/modules/6.12.110-oslab3-xxx/kernel/sound/core/seq/snd-seq.ko
  SIGN    /lib/modules/6.12.110-oslab3-xxx/kernel/sound/core/seq/snd-seq.ko
  INSTALL /lib/modules/6.12.110-oslab3-xxx/kernel/sound/core/seq/snd-seq-dummy.ko
  SIGN    /lib/modules/6.12.110-oslab3-xxx/kernel/sound/core/seq/snd-seq-dummy.ko
  INSTALL /lib/modules/6.12.110-oslab3-xxx/kernel/sound/core/seq/snd-seq-midi.ko
  SIGN    /lib/modules/6.12.110-oslab3-xxx/kernel/sound/core/seq/snd-seq-midi.ko
  INSTALL /lib/modules/6.12.110-oslab3-xxx/kernel/sound/core/seq/snd-seq-midi-event.ko
  SIGN    /lib/modules/6.12.110-oslab3-xxx/kernel/sound/core/seq/snd-seq-midi-event.ko
  INSTALL /lib/modules/6.12.110-oslab3-xxx/kernel/sound/pci/snd-ens1371.ko
  SIGN    /lib/modules/6.12.110-oslab3-xxx/kernel/sound/pci/snd-ens1371.ko
  INSTALL /lib/modules/6.12.110-oslab3-xxx/kernel/sound/pci/ac97/snd-ac97-codec.ko
  SIGN    /lib/modules/6.12.110-oslab3-xxx/kernel/sound/pci/ac97/snd-ac97-codec.ko
  INSTALL /lib/modules/6.12.110-oslab3-xxx/kernel/sound/ac97_bus.ko
  SIGN    /lib/modules/6.12.110-oslab3-xxx/kernel/sound/ac97_bus.ko
  INSTALL /lib/modules/6.12.110-oslab3-xxx/kernel/net/sched/sch_fq_codel.ko
  SIGN    /lib/modules/6.12.110-oslab3-xxx/kernel/net/sched/sch_fq_codel.ko
  INSTALL /lib/modules/6.12.110-oslab3-xxx/kernel/net/netfilter/nfnetlink.ko
  SIGN    /lib/modules/6.12.110-oslab3-xxx/kernel/net/netfilter/nfnetlink.ko
  INSTALL /lib/modules/6.12.110-oslab3-xxx/kernel/net/netfilter/nfnetlink_hook.ko
  SIGN    /lib/modules/6.12.110-oslab3-xxx/kernel/net/netfilter/nfnetlink_hook.ko
  INSTALL /lib/modules/6.12.110-oslab3-xxx/kernel/net/netfilter/nf_tables.ko
  SIGN    /lib/modules/6.12.110-oslab3-xxx/kernel/net/netfilter/nf_tables.ko
  INSTALL /lib/modules/6.12.110-oslab3-xxx/kernel/net/netfilter/x_tables.ko
  SIGN    /lib/modules/6.12.110-oslab3-xxx/kernel/net/netfilter/x_tables.ko
  INSTALL /lib/modules/6.12.110-oslab3-xxx/kernel/net/netfilter/xt_tcpudp.ko
  SIGN    /lib/modules/6.12.110-oslab3-xxx/kernel/net/netfilter/xt_tcpudp.ko
  INSTALL /lib/modules/6.12.110-oslab3-xxx/kernel/net/ipv4/netfilter/ip_tables.ko
  SIGN    /lib/modules/6.12.110-oslab3-xxx/kernel/net/ipv4/netfilter/ip_tables.ko
  INSTALL /lib/modules/6.12.110-oslab3-xxx/kernel/net/ipv4/netfilter/iptable_filter.ko
  SIGN    /lib/modules/6.12.110-oslab3-xxx/kernel/net/ipv4/netfilter/iptable_filter.ko
  INSTALL /lib/modules/6.12.110-oslab3-xxx/kernel/net/ipv4/inet_diag.ko
  SIGN    /lib/modules/6.12.110-oslab3-xxx/kernel/net/ipv4/inet_diag.ko
  INSTALL /lib/modules/6.12.110-oslab3-xxx/kernel/net/ipv4/tcp_diag.ko
  SIGN    /lib/modules/6.12.110-oslab3-xxx/kernel/net/ipv4/tcp_diag.ko
  INSTALL /lib/modules/6.12.110-oslab3-xxx/kernel/net/mptcp/mptcp_diag.ko
  SIGN    /lib/modules/6.12.110-oslab3-xxx/kernel/net/mptcp/mptcp_diag.ko
  INSTALL /lib/modules/6.12.110-oslab3-xxx/kernel/net/tls/tls.ko
  SIGN    /lib/modules/6.12.110-oslab3-xxx/kernel/net/tls/tls.ko
  INSTALL /lib/modules/6.12.110-oslab3-xxx/kernel/net/qrtr/qrtr.ko
  SIGN    /lib/modules/6.12.110-oslab3-xxx/kernel/net/qrtr/qrtr.ko
  DEPMOD  /lib/modules/6.12.110-oslab3-xxx
== installing kernel image ==
  INSTALL /boot
run-parts: executing /etc/kernel/postinst.d/initramfs-tools 6.12.110-oslab3-xxx /boot/vmlinuz-6.12.110-oslab3-xxx
update-initramfs: Generating /boot/initrd.img-6.12.110-oslab3-xxx
run-parts: executing /etc/kernel/postinst.d/unattended-upgrades 6.12.110-oslab3-xxx /boot/vmlinuz-6.12.110-oslab3-xxx
run-parts: executing /etc/kernel/postinst.d/update-notifier 6.12.110-oslab3-xxx /boot/vmlinuz-6.12.110-oslab3-xxx
run-parts: executing /etc/kernel/postinst.d/xx-update-initrd-links 6.12.110-oslab3-xxx /boot/vmlinuz-6.12.110-oslab3-xxx
I: /boot/initrd.img is now a symlink to initrd.img-6.12.110-oslab3-xxx
run-parts: executing /etc/kernel/postinst.d/zz-shim 6.12.110-oslab3-xxx /boot/vmlinuz-6.12.110-oslab3-xxx
run-parts: executing /etc/kernel/postinst.d/zz-update-grub 6.12.110-oslab3-xxx /boot/vmlinuz-6.12.110-oslab3-xxx
Sourcing file `/etc/default/grub'
Generating grub configuration file ...
Found linux image: /boot/vmlinuz-6.12.110-oslab3-xxx
Found initrd image: /boot/initrd.img-6.12.110-oslab3-xxx
Found linux image: /boot/vmlinuz-6.11.0-26-kfocus
Found initrd image: /boot/initrd.img-6.11.0-26-kfocus
Found memtest86+x64 image: /memtest86+x64.bin
Warning: os-prober will not be executed to detect other bootable partitions.
Systems on them will not be added to the GRUB boot configuration.
Check GRUB_DISABLE_OS_PROBER documentation entry.
Adding boot menu entry for UEFI Firmware Settings ...
done
== refreshing GRUB ==
Sourcing file `/etc/default/grub'
Generating grub configuration file ...
Found linux image: /boot/vmlinuz-6.12.110-oslab3-xxx
Found initrd image: /boot/initrd.img-6.12.110-oslab3-xxx
Found linux image: /boot/vmlinuz-6.11.0-26-kfocus
Found initrd image: /boot/initrd.img-6.11.0-26-kfocus
Found memtest86+x64 image: /memtest86+x64.bin
Warning: os-prober will not be executed to detect other bootable partitions.
Systems on them will not be added to the GRUB boot configuration.
Check GRUB_DISABLE_OS_PROBER documentation entry.
Adding boot menu entry for UEFI Firmware Settings ...
done
== installed artifacts ==
-rw-r--r-- 1 root root 176K  9月 21 19:08 /boot/config-6.12.110-oslab3-xxx
-rw------- 1 root root  53M  9月 21 19:08 /boot/initrd.img-6.12.110-oslab3-xxx
-rw-r--r-- 1 root root 8.5M  9月 21 19:08 /boot/System.map-6.12.110-oslab3-xxx
-rw-r--r-- 1 root root  13M  9月 21 19:08 /boot/vmlinuz-6.12.110-oslab3-xxx
== retained fallback kernel ==
-rw------- 1 root root 76M  9月 21 15:26 /boot/initrd.img-6.11.0-26-kfocus
-rw------- 1 root root 15M 11月 12  2025 /boot/vmlinuz-6.11.0-26-kfocus
== GRUB kernel references ==
185:	linux	/vmlinuz-6.12.110-oslab3-xxx root=UUID=dbba4c74-895f-4d08-bfc8-db27853bbb91 ro rootflags=subvol=@  quiet splash $vt_handoff
186:	initrd	/initrd.img-6.12.110-oslab3-xxx
189:	menuentry 'Kubuntu, with Linux 6.12.110-oslab3-xxx' --class kubuntu --class gnu-linux --class gnu --class os $menuentry_id_option 'gnulinux-6.12.110-oslab3-xxx-advanced-dbba4c74-895f-4d08-bfc8-db27853bbb91' {
203:		echo	'Loading Linux 6.12.110-oslab3-xxx ...'
204:		linux	/vmlinuz-6.12.110-oslab3-xxx root=UUID=dbba4c74-895f-4d08-bfc8-db27853bbb91 ro rootflags=subvol=@  quiet splash $vt_handoff
206:		initrd	/initrd.img-6.12.110-oslab3-xxx
208:	menuentry 'Kubuntu, with Linux 6.12.110-oslab3-xxx (recovery mode)' --class kubuntu --class gnu-linux --class gnu --class os $menuentry_id_option 'gnulinux-6.12.110-oslab3-xxx-recovery-dbba4c74-895f-4d08-bfc8-db27853bbb91' {
221:		echo	'Loading Linux 6.12.110-oslab3-xxx ...'
222:		linux	/vmlinuz-6.12.110-oslab3-xxx root=UUID=dbba4c74-895f-4d08-bfc8-db27853bbb91 ro recovery nomodeset dis_ucode_ldr rootflags=subvol=@ 
224:		initrd	/initrd.img-6.12.110-oslab3-xxx
226:	menuentry 'Kubuntu, with Linux 6.11.0-26-kfocus' --class kubuntu --class gnu-linux --class gnu --class os $menuentry_id_option 'gnulinux-6.11.0-26-kfocus-advanced-dbba4c74-895f-4d08-bfc8-db27853bbb91' {
240:		echo	'Loading Linux 6.11.0-26-kfocus ...'
241:		linux	/vmlinuz-6.11.0-26-kfocus root=UUID=dbba4c74-895f-4d08-bfc8-db27853bbb91 ro rootflags=subvol=@  quiet splash $vt_handoff
243:		initrd	/initrd.img-6.11.0-26-kfocus
245:	menuentry 'Kubuntu, with Linux 6.11.0-26-kfocus (recovery mode)' --class kubuntu --class gnu-linux --class gnu --class os $menuentry_id_option 'gnulinux-6.11.0-26-kfocus-recovery-dbba4c74-895f-4d08-bfc8-db27853bbb91' {
258:		echo	'Loading Linux 6.11.0-26-kfocus ...'
259:		linux	/vmlinuz-6.11.0-26-kfocus root=UUID=dbba4c74-895f-4d08-bfc8-db27853bbb91 ro recovery nomodeset dis_ucode_ldr rootflags=subvol=@ 
261:		initrd	/initrd.img-6.11.0-26-kfocus
install_exit=0
